
======================================================================
DAILY UPDATE - 2026-08-14
======================================================================
[OK] Sorriso: cache atualizado, 7 dias no total
[OK] Sinop: cache atualizado, 7 dias no total
[OK] Lucas do Rio Verde: cache atualizado, 7 dias no total

Hoje (2026-08-14) nao esta dentro de nenhum mes de contrato (Set-Fev) da safra Safra 2026/2027 (ciclo Mar/2026 a Fev/2027).
Nada a reprecificar hoje - contratos futuros mantem o preco da climatologia pura.

======================================================================
DAILY UPDATE - 2026-08-15
======================================================================
[OK] Sorriso: cache atualizado, 8 dias no total
[OK] Sinop: cache atualizado, 8 dias no total
[OK] Lucas do Rio Verde: cache atualizado, 8 dias no total

Hoje (2026-08-15) nao esta dentro de nenhum mes de contrato (Set-Fev) da safra Safra 2026/2027 (ciclo Mar/2026 a Fev/2027).
Nada a reprecificar hoje - contratos futuros mantem o preco da climatologia pura.

======================================================================
DAILY UPDATE - 2026-08-16
======================================================================
[OK] Sorriso: cache atualizado, 9 dias no total
[OK] Sinop: cache atualizado, 9 dias no total
[OK] Lucas do Rio Verde: cache atualizado, 9 dias no total

Hoje (2026-08-16) nao esta dentro de nenhum mes de contrato (Set-Fev) da safra Safra 2026/2027 (ciclo Mar/2026 a Fev/2027).
Nada a reprecificar hoje - contratos futuros mantem o preco da climatologia pura.

======================================================================
DAILY UPDATE - 2026-08-17
======================================================================
[OK] Sorriso: cache atualizado, 10 dias no total
[OK] Sinop: cache atualizado, 10 dias no total
[OK] Lucas do Rio Verde: cache atualizado, 10 dias no total

Hoje (2026-08-17) nao esta dentro de nenhum mes de contrato (Set-Fev) da safra Safra 2026/2027 (ciclo Mar/2026 a Fev/2027).
Nada a reprecificar hoje - contratos futuros mantem o preco da climatologia pura.
