======================================================================
ATUALIZACAO DE JUROS - 2026-08-15
======================================================================
Curva anterior: 2026-08-13 | Curva nova: 2026-08-14 | AVANCOU
Reprecificados 108 contratos (safra 2026/2027)
[OK] Cadeia de Strikes: 108 linhas atualizadas
[OK] Aba Sorriso: matrizes atualizadas
[OK] Aba Sinop: matrizes atualizadas
[OK] Aba Lucas do Rio Verde: matrizes atualizadas
[OK] 0 referências de data desatualizadas corrigidas (Capa/Metodologia)
[OK] Excel salvo: /Users/lucaalbuquerque/derivativo-soja/Derivativo_Precipitacao_Soja_MT.xlsx
======================================================================
ATUALIZACAO DE JUROS - 2026-08-16
======================================================================
Curva anterior: 2026-08-14 | Curva nova: 2026-08-14 | MESMA DATA (sem pregao novo ainda)
Reprecificados 108 contratos (safra 2026/2027)
[OK] Cadeia de Strikes: 108 linhas atualizadas
[OK] Aba Sorriso: matrizes atualizadas
[OK] Aba Sinop: matrizes atualizadas
[OK] Aba Lucas do Rio Verde: matrizes atualizadas
[OK] 2 referências de data desatualizadas corrigidas (Capa/Metodologia)
[OK] Excel salvo: /Users/lucaalbuquerque/derivativo-soja/Derivativo_Precipitacao_Soja_MT.xlsx
Traceback (most recent call last):
  File "/opt/anaconda3/lib/python3.11/site-packages/urllib3/connection.py", line 203, in _new_conn
    sock = connection.create_connection(
           ^^^^^^^^^^^^^^^^^^^^^^^^^^^^^
  File "/opt/anaconda3/lib/python3.11/site-packages/urllib3/util/connection.py", line 60, in create_connection
    for res in socket.getaddrinfo(host, port, family, socket.SOCK_STREAM):
               ^^^^^^^^^^^^^^^^^^^^^^^^^^^^^^^^^^^^^^^^^^^^^^^^^^^^^^^^^^
  File "/opt/anaconda3/lib/python3.11/socket.py", line 962, in getaddrinfo
    for res in _socket.getaddrinfo(host, port, family, type, proto, flags):
               ^^^^^^^^^^^^^^^^^^^^^^^^^^^^^^^^^^^^^^^^^^^^^^^^^^^^^^^^^^^
socket.gaierror: [Errno 8] nodename nor servname provided, or not known

The above exception was the direct cause of the following exception:

Traceback (most recent call last):
  File "/opt/anaconda3/lib/python3.11/site-packages/urllib3/connectionpool.py", line 791, in urlopen
    response = self._make_request(
               ^^^^^^^^^^^^^^^^^^^
  File "/opt/anaconda3/lib/python3.11/site-packages/urllib3/connectionpool.py", line 492, in _make_request
    raise new_e
  File "/opt/anaconda3/lib/python3.11/site-packages/urllib3/connectionpool.py", line 468, in _make_request
    self._validate_conn(conn)
  File "/opt/anaconda3/lib/python3.11/site-packages/urllib3/connectionpool.py", line 1097, in _validate_conn
    conn.connect()
  File "/opt/anaconda3/lib/python3.11/site-packages/urllib3/connection.py", line 611, in connect
    self.sock = sock = self._new_conn()
                       ^^^^^^^^^^^^^^^^
  File "/opt/anaconda3/lib/python3.11/site-packages/urllib3/connection.py", line 210, in _new_conn
    raise NameResolutionError(self.host, self, e) from e
urllib3.exceptions.NameResolutionError: <urllib3.connection.HTTPSConnection object at 0x150cd5a50>: Failed to resolve 'www.anbima.com.br' ([Errno 8] nodename nor servname provided, or not known)

The above exception was the direct cause of the following exception:

Traceback (most recent call last):
  File "/opt/anaconda3/lib/python3.11/site-packages/requests/adapters.py", line 486, in send
    resp = conn.urlopen(
           ^^^^^^^^^^^^^
  File "/opt/anaconda3/lib/python3.11/site-packages/urllib3/connectionpool.py", line 845, in urlopen
    retries = retries.increment(
              ^^^^^^^^^^^^^^^^^^
  File "/opt/anaconda3/lib/python3.11/site-packages/urllib3/util/retry.py", line 515, in increment
    raise MaxRetryError(_pool, url, reason) from reason  # type: ignore[arg-type]
    ^^^^^^^^^^^^^^^^^^^^^^^^^^^^^^^^^^^^^^^^^^^^^^^^^^^
urllib3.exceptions.MaxRetryError: HTTPSConnectionPool(host='www.anbima.com.br', port=443): Max retries exceeded with url: /informacoes/est-termo/CZ-down.asp (Caused by NameResolutionError("<urllib3.connection.HTTPSConnection object at 0x150cd5a50>: Failed to resolve 'www.anbima.com.br' ([Errno 8] nodename nor servname provided, or not known)"))

During handling of the above exception, another exception occurred:

Traceback (most recent call last):
  File "/Users/lucaalbuquerque/derivativo-soja/atualizar_juros.py", line 187, in rodar
    texto = buscar_curva_anbima()
            ^^^^^^^^^^^^^^^^^^^^^
  File "/Users/lucaalbuquerque/derivativo-soja/atualizar_juros.py", line 44, in buscar_curva_anbima
    resp = requests.get(ANBIMA_URL, timeout=timeout)
           ^^^^^^^^^^^^^^^^^^^^^^^^^^^^^^^^^^^^^^^^^
  File "/opt/anaconda3/lib/python3.11/site-packages/requests/api.py", line 73, in get
    return request("get", url, params=params, **kwargs)
           ^^^^^^^^^^^^^^^^^^^^^^^^^^^^^^^^^^^^^^^^^^^^
  File "/opt/anaconda3/lib/python3.11/site-packages/requests/api.py", line 59, in request
    return session.request(method=method, url=url, **kwargs)
           ^^^^^^^^^^^^^^^^^^^^^^^^^^^^^^^^^^^^^^^^^^^^^^^^^
  File "/opt/anaconda3/lib/python3.11/site-packages/requests/sessions.py", line 589, in request
    resp = self.send(prep, **send_kwargs)
           ^^^^^^^^^^^^^^^^^^^^^^^^^^^^^^
  File "/opt/anaconda3/lib/python3.11/site-packages/requests/sessions.py", line 703, in send
    r = adapter.send(request, **kwargs)
        ^^^^^^^^^^^^^^^^^^^^^^^^^^^^^^^
  File "/opt/anaconda3/lib/python3.11/site-packages/requests/adapters.py", line 519, in send
    raise ConnectionError(e, request=request)
requests.exceptions.ConnectionError: HTTPSConnectionPool(host='www.anbima.com.br', port=443): Max retries exceeded with url: /informacoes/est-termo/CZ-down.asp (Caused by NameResolutionError("<urllib3.connection.HTTPSConnection object at 0x150cd5a50>: Failed to resolve 'www.anbima.com.br' ([Errno 8] nodename nor servname provided, or not known)"))
======================================================================
ATUALIZACAO DE JUROS - 2026-08-17
======================================================================
[ERRO] Falha ao buscar curva da ANBIMA: HTTPSConnectionPool(host='www.anbima.com.br', port=443): Max retries exceeded with url: /informacoes/est-termo/CZ-down.asp (Caused by NameResolutionError("<urllib3.connection.HTTPSConnection object at 0x150cd5a50>: Failed to resolve 'www.anbima.com.br' ([Errno 8] nodename nor servname provided, or not known)"))
